{
    "status": "success",
    "message": "Backup database berhasil dibuat.",
    "file_name": "backup_didin_tendav2_didin_tendav2_2026-06-02_10-31-02.sql",
    "file_path": "/var/www/html/upload/uploads/backup/backup_didin_tendav2_didin_tendav2_2026-06-02_10-31-02.sql",
    "tables": 29,
    "rows": 585,
    "size_bytes": 216533
}
{
    "status": "success",
    "message": "Backup database berhasil dibuat.",
    "file_name": "backup_didin_tendav2_didin_tendav2_2026-06-02_10-32-02.sql",
    "file_path": "/var/www/html/upload/uploads/backup/backup_didin_tendav2_didin_tendav2_2026-06-02_10-32-02.sql",
    "tables": 29,
    "rows": 585,
    "size_bytes": 216533
}
{
    "status": "success",
    "message": "Backup database berhasil dibuat.",
    "file_name": "backup_didin_tendav2_didin_tendav2_2026-06-02_10-33-01.sql",
    "file_path": "/var/www/html/upload/uploads/backup/backup_didin_tendav2_didin_tendav2_2026-06-02_10-33-01.sql",
    "tables": 29,
    "rows": 585,
    "size_bytes": 216533
}
